Archive member included to satisfy reference by file (symbol)

C:/ST/STM32CubeIDE_1.17.0/STM32CubeIDE/plugins/com.st.stm32cube.ide.mcu.externaltools.gnu-tools-for-stm32.12.3.rel1.win32_1.1.0.202410251130/tools/bin/../lib/gcc/arm-none-eabi/12.3.1/../../../../arm-none-eabi/lib/thumb/v7-m/nofp\libc_nano.a(libc_a-exit.o)
                              C:/ST/STM32CubeIDE_1.17.0/STM32CubeIDE/plugins/com.st.stm32cube.ide.mcu.externaltools.gnu-tools-for-stm32.12.3.rel1.win32_1.1.0.202410251130/tools/bin/../lib/gcc/arm-none-eabi/12.3.1/../../../../arm-none-eabi/lib/thumb/v7-m/nofp/crt0.o (exit)
C:/ST/STM32CubeIDE_1.17.0/STM32CubeIDE/plugins/com.st.stm32cube.ide.mcu.externaltools.gnu-tools-for-stm32.12.3.rel1.win32_1.1.0.202410251130/tools/bin/../lib/gcc/arm-none-eabi/12.3.1/../../../../arm-none-eabi/lib/thumb/v7-m/nofp\libc_nano.a(libc_a-findfp.o)
                              C:/ST/STM32CubeIDE_1.17.0/STM32CubeIDE/plugins/com.st.stm32cube.ide.mcu.externaltools.gnu-tools-for-stm32.12.3.rel1.win32_1.1.0.202410251130/tools/bin/../lib/gcc/arm-none-eabi/12.3.1/../../../../arm-none-eabi/lib/thumb/v7-m/nofp\libc_nano.a(libc_a-exit.o) (__stdio_exit_handler)
C:/ST/STM32CubeIDE_1.17.0/STM32CubeIDE/plugins/com.st.stm32cube.ide.mcu.externaltools.gnu-tools-for-stm32.12.3.rel1.win32_1.1.0.202410251130/tools/bin/../lib/gcc/arm-none-eabi/12.3.1/../../../../arm-none-eabi/lib/thumb/v7-m/nofp\libc_nano.a(libc_a-fwalk.o)
                              C:/ST/STM32CubeIDE_1.17.0/STM32CubeIDE/plugins/com.st.stm32cube.ide.mcu.externaltools.gnu-tools-for-stm32.12.3.rel1.win32_1.1.0.202410251130/tools/bin/../lib/gcc/arm-none-eabi/12.3.1/../../../../arm-none-eabi/lib/thumb/v7-m/nofp\libc_nano.a(libc_a-findfp.o) (_fwalk_sglue)
C:/ST/STM32CubeIDE_1.17.0/STM32CubeIDE/plugins/com.st.stm32cube.ide.mcu.externaltools.gnu-tools-for-stm32.12.3.rel1.win32_1.1.0.202410251130/tools/bin/../lib/gcc/arm-none-eabi/12.3.1/../../../../arm-none-eabi/lib/thumb/v7-m/nofp\libc_nano.a(libc_a-stdio.o)
                              C:/ST/STM32CubeIDE_1.17.0/STM32CubeIDE/plugins/com.st.stm32cube.ide.mcu.externaltools.gnu-tools-for-stm32.12.3.rel1.win32_1.1.0.202410251130/tools/bin/../lib/gcc/arm-none-eabi/12.3.1/../../../../arm-none-eabi/lib/thumb/v7-m/nofp\libc_nano.a(libc_a-findfp.o) (__sread)
C:/ST/STM32CubeIDE_1.17.0/STM32CubeIDE/plugins/com.st.stm32cube.ide.mcu.externaltools.gnu-tools-for-stm32.12.3.rel1.win32_1.1.0.202410251130/tools/bin/../lib/gcc/arm-none-eabi/12.3.1/../../../../arm-none-eabi/lib/thumb/v7-m/nofp\libc_nano.a(libc_a-memset.o)
                              C:/ST/STM32CubeIDE_1.17.0/STM32CubeIDE/plugins/com.st.stm32cube.ide.mcu.externaltools.gnu-tools-for-stm32.12.3.rel1.win32_1.1.0.202410251130/tools/bin/../lib/gcc/arm-none-eabi/12.3.1/../../../../arm-none-eabi/lib/thumb/v7-m/nofp/crt0.o (memset)
C:/ST/STM32CubeIDE_1.17.0/STM32CubeIDE/plugins/com.st.stm32cube.ide.mcu.externaltools.gnu-tools-for-stm32.12.3.rel1.win32_1.1.0.202410251130/tools/bin/../lib/gcc/arm-none-eabi/12.3.1/../../../../arm-none-eabi/lib/thumb/v7-m/nofp\libc_nano.a(libc_a-closer.o)
                              C:/ST/STM32CubeIDE_1.17.0/STM32CubeIDE/plugins/com.st.stm32cube.ide.mcu.externaltools.gnu-tools-for-stm32.12.3.rel1.win32_1.1.0.202410251130/tools/bin/../lib/gcc/arm-none-eabi/12.3.1/../../../../arm-none-eabi/lib/thumb/v7-m/nofp\libc_nano.a(libc_a-stdio.o) (_close_r)
C:/ST/STM32CubeIDE_1.17.0/STM32CubeIDE/plugins/com.st.stm32cube.ide.mcu.externaltools.gnu-tools-for-stm32.12.3.rel1.win32_1.1.0.202410251130/tools/bin/../lib/gcc/arm-none-eabi/12.3.1/../../../../arm-none-eabi/lib/thumb/v7-m/nofp\libc_nano.a(libc_a-reent.o)
                              C:/ST/STM32CubeIDE_1.17.0/STM32CubeIDE/plugins/com.st.stm32cube.ide.mcu.externaltools.gnu-tools-for-stm32.12.3.rel1.win32_1.1.0.202410251130/tools/bin/../lib/gcc/arm-none-eabi/12.3.1/../../../../arm-none-eabi/lib/thumb/v7-m/nofp\libc_nano.a(libc_a-closer.o) (errno)
C:/ST/STM32CubeIDE_1.17.0/STM32CubeIDE/plugins/com.st.stm32cube.ide.mcu.externaltools.gnu-tools-for-stm32.12.3.rel1.win32_1.1.0.202410251130/tools/bin/../lib/gcc/arm-none-eabi/12.3.1/../../../../arm-none-eabi/lib/thumb/v7-m/nofp\libc_nano.a(libc_a-impure.o)
                              C:/ST/STM32CubeIDE_1.17.0/STM32CubeIDE/plugins/com.st.stm32cube.ide.mcu.externaltools.gnu-tools-for-stm32.12.3.rel1.win32_1.1.0.202410251130/tools/bin/../lib/gcc/arm-none-eabi/12.3.1/../../../../arm-none-eabi/lib/thumb/v7-m/nofp\libc_nano.a(libc_a-reent.o) (_impure_ptr)
C:/ST/STM32CubeIDE_1.17.0/STM32CubeIDE/plugins/com.st.stm32cube.ide.mcu.externaltools.gnu-tools-for-stm32.12.3.rel1.win32_1.1.0.202410251130/tools/bin/../lib/gcc/arm-none-eabi/12.3.1/../../../../arm-none-eabi/lib/thumb/v7-m/nofp\libc_nano.a(libc_a-lseekr.o)
[...]
Memory Configuration

Name             Origin             Length             Attributes
RAM              0x20000000         0x00002800         xrw
FLASH            0x08000000         0x00008000         xr
*default*        0x00000000         0xffffffff

Linker script and memory map

LOAD C:/ST/STM32CubeIDE_1.17.0/STM32CubeIDE/plugins/com.st.stm32cube.ide.mcu.externaltools.gnu-tools-for-stm32.12.3.rel1.win32_1.1.0.202410251130/tools/bin/../lib/gcc/arm-none-eabi/12.3.1/thumb/v7-m/nofp/crti.o
LOAD C:/ST/STM32CubeIDE_1.17.0/STM32CubeIDE/plugins/com.st.stm32cube.ide.mcu.externaltools.gnu-tools-for-stm32.12.3.rel1.win32_1.1.0.202410251130/tools/bin/../lib/gcc/arm-none-eabi/12.3.1/thumb/v7-m/nofp/crtbegin.o
LOAD C:/ST/STM32CubeIDE_1.17.0/STM32CubeIDE/plugins/com.st.stm32cube.ide.mcu.externaltools.gnu-tools-for-stm32.12.3.rel1.win32_1.1.0.202410251130/tools/bin/../lib/gcc/arm-none-eabi/12.3.1/../../../../arm-none-eabi/lib/thumb/v7-m/nofp/crt0.o
LOAD ./Core/Src/button.o
LOAD ./Core/Src/fsm_automatic.o
LOAD ./Core/Src/fsm_button.o
LOAD ./Core/Src/fsm_manual.o
LOAD ./Core/Src/fsm_setting.o
LOAD ./Core/Src/global.o
LOAD ./Core/Src/light_traffic.o
LOAD ./Core/Src/main.o
LOAD ./Core/Src/scheduler.o
LOAD ./Core/Src/software_timer.o
LOAD ./Core/Src/stm32f1xx_hal_msp.o
LOAD ./Core/Src/stm32f1xx_it.o
LOAD ./Core/Src/syscalls.o
LOAD ./Core/Src/sysmem.o
LOAD ./Core/Src/system_stm32f1xx.o
LOAD ./Core/Startup/startup_stm32f103c6ux.o
LOAD ./Drivers/STM32F1xx_HAL_Driver/Src/stm32f1xx_hal.o
LOAD ./Drivers/STM32F1xx_HAL_Driver/Src/stm32f1xx_hal_cortex.o
LOAD ./Drivers/STM32F1xx_HAL_Driver/Src/stm32f1xx_hal_dma.o
LOAD ./Drivers/STM32F1xx_HAL_Driver/Src/stm32f1xx_hal_exti.o
LOAD ./Drivers/STM32F1xx_HAL_Driver/Src/stm32f1xx_hal_flash.o
LOAD ./Drivers/STM32F1xx_HAL_Driver/Src/stm32f1xx_hal_flash_ex.o
LOAD ./Drivers/STM32F1xx_HAL_Driver/Src/stm32f1xx_hal_gpio.o
LOAD ./Drivers/STM32F1xx_HAL_Driver/Src/stm32f1xx_hal_gpio_ex.o
LOAD ./Drivers/STM32F1xx_HAL_Driver/Src/stm32f1xx_hal_pwr.o
LOAD ./Drivers/STM32F1xx_HAL_Driver/Src/stm32f1xx_hal_rcc.o
LOAD ./Drivers/STM32F1xx_HAL_Driver/Src/stm32f1xx_hal_rcc_ex.o
LOAD ./Drivers/STM32F1xx_HAL_Driver/Src/stm32f1xx_hal_tim.o
LOAD ./Drivers/STM32F1xx_HAL_Driver/Src/stm32f1xx_hal_tim_ex.o
START GROUP
LOAD C:/ST/STM32CubeIDE_1.17.0/STM32CubeIDE/plugins/com.st.stm32cube.ide.mcu.externaltools.gnu-tools-for-stm32.12.3.rel1.win32_1.1.0.202410251130/tools/bin/../lib/gcc/arm-none-eabi/12.3.1/../../../../arm-none-eabi/lib/thumb/v7-m/nofp\libc_nano.a
LOAD C:/ST/STM32CubeIDE_1.17.0/STM32CubeIDE/plugins/com.st.stm32cube.ide.mcu.externaltools.gnu-tools-for-stm32.12.3.rel1.win32_1.1.0.202410251130/tools/bin/../lib/gcc/arm-none-eabi/12.3.1/../../../../arm-none-eabi/lib/thumb/v7-m/nofp\libm.a
END GROUP
START GROUP
LOAD C:/ST/STM32CubeIDE_1.17.0/STM32CubeIDE/plugins/com.st.stm32cube.ide.mcu.externaltools.gnu-tools-for-stm32.12.3.rel1.win32_1.1.0.202410251130/tools/bin/../lib/gcc/arm-none-eabi/12.3.1/thumb/v7-m/nofp\libgcc.a
LOAD C:/ST/STM32CubeIDE_1.17.0/STM32CubeIDE/plugins/com.st.stm32cube.ide.mcu.externaltools.gnu-tools-for-stm32.12.3.rel1.win32_1.1.0.202410251130/tools/bin/../lib/gcc/arm-none-eabi/12.3.1/../../../../arm-none-eabi/lib/thumb/v7-m/nofp\libc_nano.a
END GROUP
START GROUP
LOAD C:/ST/STM32CubeIDE_1.17.0/STM32CubeIDE/plugins/com.st.stm32cube.ide.mcu.externaltools.gnu-tools-for-stm32.12.3.rel1.win32_1.1.0.202410251130/tools/bin/../lib/gcc/arm-none-eabi/12.3.1/thumb/v7-m/nofp\libgcc.a
LOAD C:/ST/STM32CubeIDE_1.17.0/STM32CubeIDE/plugins/com.st.stm32cube.ide.mcu.externaltools.gnu-tools-for-stm32.12.3.rel1.win32_1.1.0.202410251130/tools/bin/../lib/gcc/arm-none-eabi/12.3.1/../../../../arm-none-eabi/lib/thumb/v7-m/nofp\libc_nano.a
LOAD C:/ST/STM32CubeIDE_1.17.0/STM32CubeIDE/plugins/com.st.stm32cube.ide.mcu.externaltools.gnu-tools-for-stm32.12.3.rel1.win32_1.1.0.202410251130/tools/bin/../lib/gcc/arm-none-eabi/12.3.1/../../../../arm-none-eabi/lib/thumb/v7-m/nofp\libnosys.a
END GROUP
START GROUP
LOAD C:/ST/STM32CubeIDE_1.17.0/STM32CubeIDE/plugins/com.st.stm32cube.ide.mcu.externaltools.gnu-tools-for-stm32.12.3.rel1.win32_1.1.0.202410251130/tools/bin/../lib/gcc/arm-none-eabi/12.3.1/thumb/v7-m/nofp\libgcc.a
LOAD C:/ST/STM32CubeIDE_1.17.0/STM32CubeIDE/plugins/com.st.stm32cube.ide.mcu.externaltools.gnu-tools-for-stm32.12.3.rel1.win32_1.1.0.202410251130/tools/bin/../lib/gcc/arm-none-eabi/12.3.1/../../../../arm-none-eabi/lib/thumb/v7-m/nofp\libc_nano.a
LOAD C:/ST/STM32CubeIDE_1.17.0/STM32CubeIDE/plugins/com.st.stm32cube.ide.mcu.externaltools.gnu-tools-for-stm32.12.3.rel1.win32_1.1.0.202410251130/tools/bin/../lib/gcc/arm-none-eabi/12.3.1/../../../../arm-none-eabi/lib/thumb/v7-m/nofp\libnosys.a
END GROUP
LOAD C:/ST/STM32CubeIDE_1.17.0/STM32CubeIDE/plugins/com.st.stm32cube.ide.mcu.externaltools.gnu-tools-for-stm32.12.3.rel1.win32_1.1.0.202410251130/tools/bin/../lib/gcc/arm-none-eabi/12.3.1/thumb/v7-m/nofp/crtend.o
LOAD C:/ST/STM32CubeIDE_1.17.0/STM32CubeIDE/plugins/com.st.stm32cube.ide.mcu.externaltools.gnu-tools-for-stm32.12.3.rel1.win32_1.1.0.202410251130/tools/bin/../lib/gcc/arm-none-eabi/12.3.1/thumb/v7-m/nofp/crtn.o
                0x20002800                        _estack = (ORIGIN (RAM) + LENGTH (RAM))
                0x00000200                        _Min_Heap_Size = 0x200
                0x00000400                        _Min_Stack_Size = 0x400

.isr_vector     0x08000000      0x10c
                0x08000000                        . = ALIGN (0x4)
 *(.isr_vector)
 .isr_vector    0x08000000      0x10c ./Core/Startup/startup_stm32f103c6ux.o
                0x08000000                g_pfnVectors
                0x0800010c                        . = ALIGN (0x4)

.text           0x0800010c     0x3124
                0x0800010c                        . = ALIGN (0x4)
 *(.text)
 .text          0x0800010c       0x40 C:/ST/STM32CubeIDE_1.17.0/STM32CubeIDE/plugins/com.st.stm32cube.ide.mcu.externaltools.gnu-tools-for-stm32.12.3.rel1.win32_1.1.0.202410251130/tools/bin/../lib/gcc/arm-none-eabi/12.3.1/thumb/v7-m/nofp/crtbegin.o
 *(.text*)
 .text.isButton1Pressed
                0x0800014c       0x24 ./Core/Src/button.o
                0x0800014c                isButton1Pressed
 .text.isButton2Pressed
                0x08000170       0x24 ./Core/Src/button.o
                0x08000170                isButton2Pressed
 .text.isButton3Pressed
                0x08000194       0x24 ./Core/Src/button.o
                0x08000194                isButton3Pressed
 .text.subKey1Process
                0x080001b8       0x18 ./Core/Src/button.o
                0x080001b8                subKey1Process
 .text.getKey1Input
                0x080001d0       0x9c ./Core/Src/button.o
                0x080001d0                getKey1Input
 .text.getKey2Input
                0x0800026c       0xa0 ./Core/Src/button.o
                0x0800026c                getKey2Input
 .text.getKey3Input
                0x0800030c       0xa0 ./Core/Src/button.o
                0x0800030c                getKey3Input
 .text.fsm_automatic_run
                0x080003ac      0x31c ./Core/Src/fsm_automatic.o
                0x080003ac                fsm_automatic_run
 .text.fsm_manual_run
                0x080006c8      0x254 ./Core/Src/fsm_manual.o
                0x080006c8                fsm_manual_run
 .text.fsm_setting_run
                0x0800091c       0x88 ./Core/Src/fsm_setting.o
                0x0800091c                fsm_setting_run
 .text.setLightInit
                0x080009a4       0x48 ./Core/Src/light_traffic.o
                0x080009a4                setLightInit
 .text.setTimeInit
                0x080009ec       0x3c ./Core/Src/light_traffic.o
                0x080009ec                setTimeInit
 .text.setRed_1
                0x08000a28       0x2c ./Core/Src/light_traffic.o
                0x08000a28                setRed_1
 .text.setGreen_1
                0x08000a54       0x2c ./Core/Src/light_traffic.o
                0x08000a54                setGreen_1
 .text.setYellow_1
                0x08000a80       0x2c ./Core/Src/light_traffic.o
                0x08000a80                setYellow_1
 .text.setRed_2
                0x08000aac       0x2c ./Core/Src/light_traffic.o
                0x08000aac                setRed_2
 .text.setGreen_2
                0x08000ad8       0x2c ./Core/Src/light_traffic.o
                0x08000ad8                setGreen_2
 .text.setYellow_2
                0x08000b04       0x2c ./Core/Src/light_traffic.o
                0x08000b04                setYellow_2
 .text.setToggleRed
                0x08000b30       0x44 ./Core/Src/light_traffic.o
                0x08000b30                setToggleRed
 .text.setToggleGreen
                0x08000b74       0x44 ./Core/Src/light_traffic.o
                0x08000b74                setToggleGreen
 .text.setToggleYellow
                0x08000bb8       0x44 ./Core/Src/light_traffic.o
                0x08000bb8                setToggleYellow
 .text.get7SEG1Value
                0x08000bfc       0x90 ./Core/Src/light_traffic.o
 .text.get7SEG2Value
                0x08000c8c       0x90 ./Core/Src/light_traffic.o
 .text.display7SEG
                0x08000d1c      0x3ac ./Core/Src/light_traffic.o
                0x08000d1c                display7SEG
 .text.currentMode
                0x080010c8       0x68 ./Core/Src/light_traffic.o
                0x080010c8                currentMode
 .text.dispMode
                0x08001130      0x184 ./Core/Src/light_traffic.o
                0x08001130                dispMode
 .text.update7SEG
                0x080012b4      0x164 ./Core/Src/light_traffic.o
                0x080012b4                update7SEG
 .text.updateClock
                0x08001418       0x50 ./Core/Src/light_traffic.o
                0x08001418                updateClock
 .text.dispModeWrapper
                0x08001468       0x18 ./Core/Src/main.o
                0x08001468                dispModeWrapper
 .text.main     0x08001480       0xb4 ./Core/Src/main.o
                0x08001480                main
 .text.SystemClock_Config
                0x08001534       0x76 ./Core/Src/main.o
                0x08001534                SystemClock_Config
 *fill*         0x080015aa        0x2 
 .text.MX_TIM2_Init
                0x080015ac       0x98 ./Core/Src/main.o
 .text.MX_GPIO_Init
                0x08001644       0xfc ./Core/Src/main.o
 .text.HAL_TIM_PeriodElapsedCallback
                0x08001740       0x14 ./Core/Src/main.o
                0x08001740                HAL_TIM_PeriodElapsedCallback
 .text.Error_Handler
                0x08001754        0xc ./Core/Src/main.o
                0x08001754                Error_Handler
 .text.SCH_Update
                0x08001760       0xe4 ./Core/Src/scheduler.o
                0x08001760                SCH_Update
 .text.SCH_Add_Task
                0x08001844       0xb4 ./Core/Src/scheduler.o
                0x08001844                SCH_Add_Task
 .text.SCH_Delete_Task
                0x080018f8       0x8c ./Core/Src/scheduler.o
                0x080018f8                SCH_Delete_Task
 .text.SCH_Dispatch_Tasks
                0x08001984       0xb8 ./Core/Src/scheduler.o
                0x08001984                SCH_Dispatch_Tasks
 .text.setTimer0
                0x08001a3c       0x38 ./Core/Src/software_timer.o
                0x08001a3c                setTimer0
 .text.HAL_MspInit
                0x08001a74       0x64 ./Core/Src/stm32f1xx_hal_msp.o
                0x08001a74                HAL_MspInit
 .text.HAL_TIM_Base_MspInit
                0x08001ad8       0x48 ./Core/Src/stm32f1xx_hal_msp.o
                0x08001ad8                HAL_TIM_Base_MspInit
 .text.NMI_Handler
                0x08001b20        0x8 ./Core/Src/stm32f1xx_it.o
                0x08001b20                NMI_Handler
 .text.HardFault_Handler
                0x08001b28        0x8 ./Core/Src/stm32f1xx_it.o
                0x08001b28                HardFault_Handler
 .text.MemManage_Handler
                0x08001b30        0x8 ./Core/Src/stm32f1xx_it.o
                0x08001b30                MemManage_Handler
 .text.BusFault_Handler
                0x08001b38        0x8 ./Core/Src/stm32f1xx_it.o
                0x08001b38                BusFault_Handler
 .text.UsageFault_Handler
                0x08001b40        0x8 ./Core/Src/stm32f1xx_it.o
                0x08001b40                UsageFault_Handler
 .text.SVC_Handler
                0x08001b48        0xc ./Core/Src/stm32f1xx_it.o
                0x08001b48                SVC_Handler
 .text.DebugMon_Handler
                0x08001b54        0xc ./Core/Src/stm32f1xx_it.o
                0x08001b54                DebugMon_Handler
 .text.PendSV_Handler
                0x08001b60        0xc ./Core/Src/stm32f1xx_it.o
                0x08001b60                PendSV_Handler
 .text.SysTick_Handler
                0x08001b6c        0xc ./Core/Src/stm32f1xx_it.o
                0x08001b6c                SysTick_Handler
 .text.TIM2_IRQHandler
                0x08001b78       0x14 ./Core/Src/stm32f1xx_it.o
                0x08001b78                TIM2_IRQHandler
 .text.SystemInit
                0x08001b8c        0xc ./Core/Src/system_stm32f1xx.o
                0x08001b8c                SystemInit
 .text.Reset_Handler
                0x08001b98       0x48 ./Core/Startup/startup_stm32f103c6ux.o
                0x08001b98                Reset_Handler
 .text.Default_Handler
                0x08001be0        0x2 ./Core/Startup/startup_stm32f103c6ux.o
                0x08001be0                RTC_Alarm_IRQHandler
                0x08001be0                EXTI2_IRQHandler
                0x08001be0                TIM1_CC_IRQHandler
                0x08001be0                PVD_IRQHandler
                0x08001be0                EXTI3_IRQHandler
                0x08001be0                EXTI0_IRQHandler
                0x08001be0                ADC1_2_IRQHandler
                0x08001be0                SPI1_IRQHandler
                0x08001be0                TAMPER_IRQHandler
                0x08001be0                DMA1_Channel4_IRQHandler
                0x08001be0                RTC_IRQHandler
                0x08001be0                DMA1_Channel7_IRQHandler
                0x08001be0                CAN1_RX1_IRQHandler
                0x08001be0                I2C1_EV_IRQHandler
                0x08001be0                DMA1_Channel6_IRQHandler
                0x08001be0                TIM3_IRQHandler
                0x08001be0                RCC_IRQHandler
                0x08001be0                TIM1_TRG_COM_IRQHandler
                0x08001be0                DMA1_Channel1_IRQHandler
                0x08001be0                Default_Handler
                0x08001be0                EXTI15_10_IRQHandler
                0x08001be0                EXTI9_5_IRQHandler
                0x08001be0                DMA1_Channel5_IRQHandler
                0x08001be0                EXTI4_IRQHandler
                0x08001be0                USB_LP_CAN1_RX0_IRQHandler
                0x08001be0                USB_HP_CAN1_TX_IRQHandler
                0x08001be0                DMA1_Channel3_IRQHandler
                0x08001be0                TIM1_UP_IRQHandler
                0x08001be0                WWDG_IRQHandler
                0x08001be0                TIM1_BRK_IRQHandler
                0x08001be0                EXTI1_IRQHandler
                0x08001be0                USART2_IRQHandler
                0x08001be0                DMA1_Channel2_IRQHandler
                0x08001be0                CAN1_SCE_IRQHandler
                0x08001be0                FLASH_IRQHandler
                0x08001be0                USART1_IRQHandler
                0x08001be0                I2C1_ER_IRQHandler
                0x08001be0                USBWakeUp_IRQHandler
 *fill*         0x08001be2        0x2 
 .text.HAL_Init
                0x08001be4       0x2c ./Drivers/STM32F1xx_HAL_Driver/Src/stm32f1xx_hal.o
                0x08001be4                HAL_Init
 .text.HAL_InitTick
                0x08001c10       0x60 ./Drivers/STM32F1xx_HAL_Driver/Src/stm32f1xx_hal.o
                0x08001c10                HAL_InitTick
 .text.HAL_IncTick
                0x08001c70       0x24 ./Drivers/STM32F1xx_HAL_Driver/Src/stm32f1xx_hal.o
                0x08001c70                HAL_IncTick
 .text.HAL_GetTick
                0x08001c94       0x14 ./Drivers/STM32F1xx_HAL_Driver/Src/stm32f1xx_hal.o
                0x08001c94                HAL_GetTick
 .text.__NVIC_SetPriorityGrouping
                0x08001ca8       0x48 ./Drivers/STM32F1xx_HAL_Driver/Src/stm32f1xx_hal_cortex.o
 .text.__NVIC_GetPriorityGrouping
                0x08001cf0       0x1c ./Drivers/STM32F1xx_HAL_Driver/Src/stm32f1xx_hal_cortex.o
 .text.__NVIC_EnableIRQ
                0x08001d0c       0x38 ./Drivers/STM32F1xx_HAL_Driver/Src/stm32f1xx_hal_cortex.o
 .text.__NVIC_SetPriority
                0x08001d44       0x54 ./Drivers/STM32F1xx_HAL_Driver/Src/stm32f1xx_hal_cortex.o
 .text.NVIC_EncodePriority
                0x08001d98       0x64 ./Drivers/STM32F1xx_HAL_Driver/Src/stm32f1xx_hal_cortex.o
 .text.SysTick_Config
                0x08001dfc       0x44 ./Drivers/STM32F1xx_HAL_Driver/Src/stm32f1xx_hal_cortex.o
 .text.HAL_NVIC_SetPriorityGrouping
                0x08001e40       0x16 ./Drivers/STM32F1xx_HAL_Driver/Src/stm32f1xx_hal_cortex.o
                0x08001e40                HAL_NVIC_SetPriorityGrouping
 .text.HAL_NVIC_SetPriority
                0x08001e56       0x38 ./Drivers/STM32F1xx_HAL_Driver/Src/stm32f1xx_hal_cortex.o
                0x08001e56                HAL_NVIC_SetPriority
 .text.HAL_NVIC_EnableIRQ
                0x08001e8e       0x1c ./Drivers/STM32F1xx_HAL_Driver/Src/stm32f1xx_hal_cortex.o
                0x08001e8e                HAL_NVIC_EnableIRQ
 .text.HAL_SYSTICK_Config
                0x08001eaa       0x18 ./Drivers/STM32F1xx_HAL_Driver/Src/stm32f1xx_hal_cortex.o
                0x08001eaa                HAL_SYSTICK_Config
 *fill*         0x08001ec2        0x2 
 .text.HAL_GPIO_Init
                0x08001ec4      0x2f8 ./Drivers/STM32F1xx_HAL_Driver/Src/stm32f1xx_hal_gpio.o
                0x08001ec4                HAL_GPIO_Init
 .text.HAL_GPIO_ReadPin
                0x080021bc       0x2e ./Drivers/STM32F1xx_HAL_Driver/Src/stm32f1xx_hal_gpio.o
                0x080021bc                HAL_GPIO_ReadPin
 .text.HAL_GPIO_WritePin
                0x080021ea       0x30 ./Drivers/STM32F1xx_HAL_Driver/Src/stm32f1xx_hal_gpio.o
                0x080021ea                HAL_GPIO_WritePin
 .text.HAL_GPIO_TogglePin
                0x0800221a       0x32 ./Drivers/STM32F1xx_HAL_Driver/Src/stm32f1xx_hal_gpio.o
                0x0800221a                HAL_GPIO_TogglePin
 .text.HAL_RCC_OscConfig
                0x0800224c      0x504 ./Drivers/STM32F1xx_HAL_Driver/Src/stm32f1xx_hal_rcc.o
                0x0800224c                HAL_RCC_OscConfig
 .text.HAL_RCC_ClockConfig
                0x08002750      0x1d4 ./Drivers/STM32F1xx_HAL_Driver/Src/stm32f1xx_hal_rcc.o
                0x08002750                HAL_RCC_ClockConfig
 .text.HAL_RCC_GetSysClockFreq
                0x08002924       0xa8 ./Drivers/STM32F1xx_HAL_Driver/Src/stm32f1xx_hal_rcc.o
                0x08002924                HAL_RCC_GetSysClockFreq
 .text.RCC_Delay
                0x080029cc       0x3c ./Drivers/STM32F1xx_HAL_Driver/Src/stm32f1xx_hal_rcc.o
 .text.HAL_TIM_Base_Init
                0x08002a08       0x9e ./Drivers/STM32F1xx_HAL_Driver/Src/stm32f1xx_hal_tim.o
                0x08002a08                HAL_TIM_Base_Init
 *fill*         0x08002aa6        0x2 
 .text.HAL_TIM_Base_Start_IT
                0x08002aa8       0x98 ./Drivers/STM32F1xx_HAL_Driver/Src/stm32f1xx_hal_tim.o
                0x08002aa8                HAL_TIM_Base_Start_IT
 .text.HAL_TIM_IRQHandler
                0x08002b40      0x1e0 ./Drivers/STM32F1xx_HAL_Driver/Src/stm32f1xx_hal_tim.o
                0x08002b40                HAL_TIM_IRQHandler
 .text.HAL_TIM_ConfigClockSource
                0x08002d20      0x18e ./Drivers/STM32F1xx_HAL_Driver/Src/stm32f1xx_hal_tim.o
                0x08002d20                HAL_TIM_ConfigClockSource
 .text.HAL_TIM_OC_DelayElapsedCallback
                0x08002eae       0x12 ./Drivers/STM32F1xx_HAL_Driver/Src/stm32f1xx_hal_tim.o
                0x08002eae                HAL_TIM_OC_DelayElapsedCallback
 .text.HAL_TIM_IC_CaptureCallback
                0x08002ec0       0x12 ./Drivers/STM32F1xx_HAL_Driver/Src/stm32f1xx_hal_tim.o
                0x08002ec0                HAL_TIM_IC_CaptureCallback
 .text.HAL_TIM_PWM_PulseFinishedCallback
                0x08002ed2       0x12 ./Drivers/STM32F1xx_HAL_Driver/Src/stm32f1xx_hal_tim.o
                0x08002ed2                HAL_TIM_PWM_PulseFinishedCallback
 .text.HAL_TIM_TriggerCallback
                0x08002ee4       0x12 ./Drivers/STM32F1xx_HAL_Driver/Src/stm32f1xx_hal_tim.o
                0x08002ee4                HAL_TIM_TriggerCallback
 *fill*         0x08002ef6        0x2 
 .text.TIM_Base_SetConfig
                0x08002ef8       0xc8 ./Drivers/STM32F1xx_HAL_Driver/Src/stm32f1xx_hal_tim.o
                0x08002ef8                TIM_Base_SetConfig
 .text.TIM_TI1_ConfigInputStage
                0x08002fc0       0x5c ./Drivers/STM32F1xx_HAL_Driver/Src/stm32f1xx_hal_tim.o
 .text.TIM_TI2_ConfigInputStage
                0x0800301c       0x5e ./Drivers/STM32F1xx_HAL_Driver/Src/stm32f1xx_hal_tim.o
 .text.TIM_ITRx_SetConfig
                0x0800307a       0x34 ./Drivers/STM32F1xx_HAL_Driver/Src/stm32f1xx_hal_tim.o
 .text.TIM_ETR_SetConfig
                0x080030ae       0x3e ./Drivers/STM32F1xx_HAL_Driver/Src/stm32f1xx_hal_tim.o
                0x080030ae                TIM_ETR_SetConfig
 .text.HAL_TIMEx_MasterConfigSynchronization
                0x080030ec       0xb0 ./Drivers/STM32F1xx_HAL_Driver/Src/stm32f1xx_hal_tim_ex.o
                0x080030ec                HAL_TIMEx_MasterConfigSynchronization
 .text.HAL_TIMEx_CommutCallback
                0x0800319c       0x12 ./Drivers/STM32F1xx_HAL_Driver/Src/stm32f1xx_hal_tim_ex.o
                0x0800319c                HAL_TIMEx_CommutCallback
 .text.HAL_TIMEx_BreakCallback
                0x080031ae       0x12 ./Drivers/STM32F1xx_HAL_Driver/Src/stm32f1xx_hal_tim_ex.o
                0x080031ae                HAL_TIMEx_BreakCallback
 .text.memset   0x080031c0       0x10 C:/ST/STM32CubeIDE_1.17.0/STM32CubeIDE/plugins/com.st.stm32cube.ide.mcu.externaltools.gnu-tools-for-stm32.12.3.rel1.win32_1.1.0.202410251130/tools/bin/../lib/gcc/arm-none-eabi/12.3.1/../../../../arm-none-eabi/lib/thumb/v7-m/nofp\libc_nano.a(libc_a-memset.o)
                0x080031c0                memset
 .text.__libc_init_array
                0x080031d0       0x48 C:/ST/STM32CubeIDE_1.17.0/STM32CubeIDE/plugins/com.st.stm32cube.ide.mcu.externaltools.gnu-tools-for-stm32.12.3.rel1.win32_1.1.0.202410251130/tools/bin/../lib/gcc/arm-none-eabi/12.3.1/../../../../arm-none-eabi/lib/thumb/v7-m/nofp\libc_nano.a(libc_a-init.o)
                0x080031d0                __libc_init_array
 *(.glue_7)
 .glue_7        0x08003218        0x0 linker stubs
 *(.glue_7t)
 .glue_7t       0x08003218        0x0 linker stubs
 *(.eh_frame)
 .eh_frame      0x08003218        0x0 C:/ST/STM32CubeIDE_1.17.0/STM32CubeIDE/plugins/com.st.stm32cube.ide.mcu.externaltools.gnu-tools-for-stm32.12.3.rel1.win32_1.1.0.202410251130/tools/bin/../lib/gcc/arm-none-eabi/12.3.1/thumb/v7-m/nofp/crtbegin.o
 *(.init)
 .init          0x08003218        0x4 C:/ST/STM32CubeIDE_1.17.0/STM32CubeIDE/plugins/com.st.stm32cube.ide.mcu.externaltools.gnu-tools-for-stm32.12.3.rel1.win32_1.1.0.202410251130/tools/bin/../lib/gcc/arm-none-eabi/12.3.1/thumb/v7-m/nofp/crti.o
                0x08003218                _init
 .init          0x0800321c        0x8 C:/ST/STM32CubeIDE_1.17.0/STM32CubeIDE/plugins/com.st.stm32cube.ide.mcu.externaltools.gnu-tools-for-stm32.12.3.rel1.win32_1.1.0.202410251130/tools/bin/../lib/gcc/arm-none-eabi/12.3.1/thumb/v7-m/nofp/crtn.o
 *(.fini)
 .fini          0x08003224        0x4 C:/ST/STM32CubeIDE_1.17.0/STM32CubeIDE/plugins/com.st.stm32cube.ide.mcu.externaltools.gnu-tools-for-stm32.12.3.rel1.win32_1.1.0.202410251130/tools/bin/../lib/gcc/arm-none-eabi/12.3.1/thumb/v7-m/nofp/crti.o
                0x08003224                _fini
 .fini          0x08003228        0x8 C:/ST/STM32CubeIDE_1.17.0/STM32CubeIDE/plugins/com.st.stm32cube.ide.mcu.externaltools.gnu-tools-for-stm32.12.3.rel1.win32_1.1.0.202410251130/tools/bin/../lib/gcc/arm-none-eabi/12.3.1/thumb/v7-m/nofp/crtn.o
                0x08003230                        . = ALIGN (0x4)
                0x08003230                        _etext = .

.vfp11_veneer   0x08003230        0x0
 .vfp11_veneer  0x08003230        0x0 linker stubs

.v4_bx          0x08003230        0x0
 .v4_bx         0x08003230        0x0 linker stubs

.iplt           0x08003230        0x0
 .iplt          0x08003230        0x0 C:/ST/STM32CubeIDE_1.17.0/STM32CubeIDE/plugins/com.st.stm32cube.ide.mcu.externaltools.gnu-tools-for-stm32.12.3.rel1.win32_1.1.0.202410251130/tools/bin/../lib/gcc/arm-none-eabi/12.3.1/thumb/v7-m/nofp/crtbegin.o

.rodata         0x08003230       0x24
                0x08003230                        . = ALIGN (0x4)
 *(.rodata)
 *(.rodata*)
 .rodata.AHBPrescTable
                0x08003230       0x10 ./Core/Src/system_stm32f1xx.o
                0x08003230                AHBPrescTable
 .rodata.aPLLMULFactorTable.1
                0x08003240       0x10 ./Drivers/STM32F1xx_HAL_Driver/Src/stm32f1xx_hal_rcc.o
 .rodata.aPredivFactorTable.0
                0x08003250        0x2 ./Drivers/STM32F1xx_HAL_Driver/Src/stm32f1xx_hal_rcc.o
                0x08003254                        . = ALIGN (0x4)
 *fill*         0x08003252        0x2 

.rel.dyn        0x08003254        0x0
 .rel.iplt      0x08003254        0x0 C:/ST/STM32CubeIDE_1.17.0/STM32CubeIDE/plugins/com.st.stm32cube.ide.mcu.externaltools.gnu-tools-for-stm32.12.3.rel1.win32_1.1.0.202410251130/tools/bin/../lib/gcc/arm-none-eabi/12.3.1/thumb/v7-m/nofp/crtbegin.o

.ARM.extab      0x08003254        0x0
                0x08003254                        . = ALIGN (0x4)
 *(.ARM.extab* .gnu.linkonce.armextab.*)
                0x08003254                        . = ALIGN (0x4)

.ARM            0x08003254        0x0
                0x08003254                        . = ALIGN (0x4)
                0x08003254                        __exidx_start = .
 *(.ARM.exidx*)
                0x08003254                        __exidx_end = .
                0x08003254                        . = ALIGN (0x4)

.preinit_array  0x08003254        0x0
                0x08003254                        . = ALIGN (0x4)
                0x08003254                        PROVIDE (__preinit_array_start = .)
 *(.preinit_array*)
                0x08003254                        PROVIDE (__preinit_array_end = .)
                0x08003254                        . = ALIGN (0x4)

.init_array     0x08003254        0x4
                0x08003254                        . = ALIGN (0x4)
                0x08003254                        PROVIDE (__init_array_start = .)
 *(SORT_BY_NAME(.init_array.*))
 *(.init_array*)
 .init_array    0x08003254        0x4 C:/ST/STM32CubeIDE_1.17.0/STM32CubeIDE/plugins/com.st.stm32cube.ide.mcu.externaltools.gnu-tools-for-stm32.12.3.rel1.win32_1.1.0.202410251130/tools/bin/../lib/gcc/arm-none-eabi/12.3.1/thumb/v7-m/nofp/crtbegin.o
                0x08003258                        PROVIDE (__init_array_end = .)
                0x08003258                        . = ALIGN (0x4)

.fini_array     0x08003258        0x4
                0x08003258                        . = ALIGN (0x4)
                [!provide]                        PROVIDE (__fini_array_start = .)
 *(SORT_BY_NAME(.fini_array.*))
 *(.fini_array*)
 .fini_array    0x08003258        0x4 C:/ST/STM32CubeIDE_1.17.0/STM32CubeIDE/plugins/com.st.stm32cube.ide.mcu.externaltools.gnu-tools-for-stm32.12.3.rel1.win32_1.1.0.202410251130/tools/bin/../lib/gcc/arm-none-eabi/12.3.1/thumb/v7-m/nofp/crtbegin.o
                [!provide]                        PROVIDE (__fini_array_end = .)
                0x0800325c                        . = ALIGN (0x4)
                0x0800325c                        _sidata = LOADADDR (.data)

.data           0x20000000       0x5c load address 0x0800325c
                0x20000000                        . = ALIGN (0x4)
                0x20000000                        _sdata = .
 *(.data)
 *(.data*)
 .data.Key1Reg0
                0x20000000        0x4 ./Core/Src/button.o
                0x20000000                Key1Reg0
 .data.Key1Reg1
                0x20000004        0x4 ./Core/Src/button.o
                0x20000004                Key1Reg1
 .data.Key1Reg2
                0x20000008        0x4 ./Core/Src/button.o
                0x20000008                Key1Reg2
 .data.Key1Reg3
                0x2000000c        0x4 ./Core/Src/button.o
                0x2000000c                Key1Reg3
 .data.TimerForKey1Press
                0x20000010        0x4 ./Core/Src/button.o
                0x20000010                TimerForKey1Press
 .data.Key2Reg0
                0x20000014        0x4 ./Core/Src/button.o
                0x20000014                Key2Reg0
 .data.Key2Reg1
                0x20000018        0x4 ./Core/Src/button.o
                0x20000018                Key2Reg1
 .data.Key2Reg2
                0x2000001c        0x4 ./Core/Src/button.o
                0x2000001c                Key2Reg2
 .data.Key2Reg3
                0x20000020        0x4 ./Core/Src/button.o
                0x20000020                Key2Reg3
 .data.TimerForKey2Press
                0x20000024        0x4 ./Core/Src/button.o
                0x20000024                TimerForKey2Press
 .data.Key3Reg0
                0x20000028        0x4 ./Core/Src/button.o
                0x20000028                Key3Reg0
 .data.Key3Reg1
                0x2000002c        0x4 ./Core/Src/button.o
                0x2000002c                Key3Reg1
 .data.Key3Reg2
                0x20000030        0x4 ./Core/Src/button.o
                0x20000030                Key3Reg2
 .data.Key3Reg3
                0x20000034        0x4 ./Core/Src/button.o
                0x20000034                Key3Reg3
 .data.TimerForKey3Press
                0x20000038        0x4 ./Core/Src/button.o
                0x20000038                TimerForKey3Press
 .data.status   0x2000003c        0x4 ./Core/Src/global.o
                0x2000003c                status
 .data.red_time
                0x20000040        0x4 ./Core/Src/global.o
                0x20000040                red_time
 .data.green_time
                0x20000044        0x4 ./Core/Src/global.o
                0x20000044                green_time
 .data.amber_time
                0x20000048        0x4 ./Core/Src/global.o
                0x20000048                amber_time
 .data.mode     0x2000004c        0x4 ./Core/Src/global.o
                0x2000004c                mode
 .data.SystemCoreClock
                0x20000050        0x4 ./Core/Src/system_stm32f1xx.o
                0x20000050                SystemCoreClock
 .data.uwTickPrio
                0x20000054        0x4 ./Drivers/STM32F1xx_HAL_Driver/Src/stm32f1xx_hal.o
                0x20000054                uwTickPrio
 .data.uwTickFreq
                0x20000058        0x1 ./Drivers/STM32F1xx_HAL_Driver/Src/stm32f1xx_hal.o
                0x20000058                uwTickFreq
 *(.RamFunc)
 *(.RamFunc*)
                0x2000005c                        . = ALIGN (0x4)
 *fill*         0x20000059        0x3 
                0x2000005c                        _edata = .

.igot.plt       0x2000005c        0x0 load address 0x080032b8
 .igot.plt      0x2000005c        0x0 C:/ST/STM32CubeIDE_1.17.0/STM32CubeIDE/plugins/com.st.stm32cube.ide.mcu.externaltools.gnu-tools-for-stm32.12.3.rel1.win32_1.1.0.202410251130/tools/bin/../lib/gcc/arm-none-eabi/12.3.1/thumb/v7-m/nofp/crtbegin.o
                0x2000005c                        . = ALIGN (0x4)

.bss            0x2000005c      0x164 load address 0x080032b8
                0x2000005c                        _sbss = .
                0x2000005c                        __bss_start__ = _sbss
 *(.bss)
 .bss           0x2000005c       0x1c C:/ST/STM32CubeIDE_1.17.0/STM32CubeIDE/plugins/com.st.stm32cube.ide.mcu.externaltools.gnu-tools-for-stm32.12.3.rel1.win32_1.1.0.202410251130/tools/bin/../lib/gcc/arm-none-eabi/12.3.1/thumb/v7-m/nofp/crtbegin.o
 *(.bss*)
 .bss.button1_flag
                0x20000078        0x4 ./Core/Src/button.o
                0x20000078                button1_flag
 .bss.button2_flag
                0x2000007c        0x4 ./Core/Src/button.o
                0x2000007c                button2_flag
 .bss.button3_flag
                0x20000080        0x4 ./Core/Src/button.o
                0x20000080                button3_flag
 .bss.counter1  0x20000084        0x4 ./Core/Src/fsm_automatic.o
                0x20000084                counter1
 .bss.counter3  0x20000088        0x4 ./Core/Src/fsm_automatic.o
                0x20000088                counter3
 .bss.counter_led
                0x2000008c        0x4 ./Core/Src/fsm_manual.o
                0x2000008c                counter_led
 .bss.index_led
                0x20000090        0x4 ./Core/Src/global.o
                0x20000090                index_led
 .bss.red_time_temp
                0x20000094        0x4 ./Core/Src/global.o
                0x20000094                red_time_temp
 .bss.green_time_temp
                0x20000098        0x4 ./Core/Src/global.o
                0x20000098                green_time_temp
 .bss.amber_time_temp
                0x2000009c        0x4 ./Core/Src/global.o
                0x2000009c                amber_time_temp
 .bss.counter2  0x200000a0        0x4 ./Core/Src/light_traffic.o
                0x200000a0                counter2
 .bss.htim2     0x200000a4       0x48 ./Core/Src/main.o
                0x200000a4                htim2
 .bss.SCH_tasks_G
                0x200000ec       0xc8 ./Core/Src/scheduler.o
                0x200000ec                SCH_tasks_G
 .bss.timer0_counter
                0x200001b4        0x4 ./Core/Src/software_timer.o
                0x200001b4                timer0_counter
 .bss.timer0_flag
                0x200001b8        0x4 ./Core/Src/software_timer.o
                0x200001b8                timer0_flag
 .bss.uwTick    0x200001bc        0x4 ./Drivers/STM32F1xx_HAL_Driver/Src/stm32f1xx_hal.o
                0x200001bc                uwTick
 *(COMMON)
                0x200001c0                        . = ALIGN (0x4)
                0x200001c0                        _ebss = .
                0x200001c0                        __bss_end__ = _ebss

._user_heap_stack
                0x200001c0      0x600 load address 0x080032b8
                0x200001c0                        . = ALIGN (0x8)
                [!provide]                        PROVIDE (end = .)
                0x200001c0                        PROVIDE (_end = .)
                0x200003c0                        . = (. + _Min_Heap_Size)
 *fill*         0x200001c0      0x200 
                0x200007c0                        . = (. + _Min_Stack_Size)
 *fill*         0x200003c0      0x400 
                0x200007c0                        . = ALIGN (0x8)

/DISCARD/
 libc.a(*)
 libm.a(*)
 libgcc.a(*)

.ARM.attributes
                0x00000000       0x29
 *(.ARM.attributes)
 .ARM.attributes
                0x00000000       0x1d C:/ST/STM32CubeIDE_1.17.0/STM32CubeIDE/plugins/com.st.stm32cube.ide.mcu.externaltools.gnu-tools-for-stm32.12.3.rel1.win32_1.1.0.202410251130/tools/bin/../lib/gcc/arm-none-eabi/12.3.1/thumb/v7-m/nofp/crti.o
 .ARM.attributes
                0x0000001d       0x2d C:/ST/STM32CubeIDE_1.17.0/STM32CubeIDE/plugins/com.st.stm32cube.ide.mcu.externaltools.gnu-tools-for-stm32.12.3.rel1.win32_1.1.0.202410251130/tools/bin/../lib/gcc/arm-none-eabi/12.3.1/thumb/v7-m/nofp/crtbegin.o
 .ARM.attributes
                0x0000004a       0x2d ./Core/Src/button.o
 .ARM.attributes
                0x00000077       0x2d ./Core/Src/fsm_automatic.o
 .ARM.attributes
                0x000000a4       0x2d ./Core/Src/fsm_manual.o
 .ARM.attributes
                0x000000d1       0x2d ./Core/Src/fsm_setting.o
 .ARM.attributes
                0x000000fe       0x2d ./Core/Src/global.o
 .ARM.attributes
                0x0000012b       0x2d ./Core/Src/light_traffic.o
 .ARM.attributes
                0x00000158       0x2d ./Core/Src/main.o
 .ARM.attributes
                0x00000185       0x2d ./Core/Src/scheduler.o
 .ARM.attributes
                0x000001b2       0x2d ./Core/Src/software_timer.o
 .ARM.attributes
                0x000001df       0x2d ./Core/Src/stm32f1xx_hal_msp.o
 .ARM.attributes
                0x0000020c       0x2d ./Core/Src/stm32f1xx_it.o
 .ARM.attributes
                0x00000239       0x2d ./Core/Src/system_stm32f1xx.o
 .ARM.attributes
                0x00000266       0x21 ./Core/Startup/startup_stm32f103c6ux.o
 .ARM.attributes
                0x00000287       0x2d ./Drivers/STM32F1xx_HAL_Driver/Src/stm32f1xx_hal.o
 .ARM.attributes
                0x000002b4       0x2d ./Drivers/STM32F1xx_HAL_Driver/Src/stm32f1xx_hal_cortex.o
 .ARM.attributes
                0x000002e1       0x2d ./Drivers/STM32F1xx_HAL_Driver/Src/stm32f1xx_hal_gpio.o
 .ARM.attributes
                0x0000030e       0x2d ./Drivers/STM32F1xx_HAL_Driver/Src/stm32f1xx_hal_rcc.o
 .ARM.attributes
                0x0000033b       0x2d ./Drivers/STM32F1xx_HAL_Driver/Src/stm32f1xx_hal_tim.o
 .ARM.attributes
                0x00000368       0x2d ./Drivers/STM32F1xx_HAL_Driver/Src/stm32f1xx_hal_tim_ex.o
 .ARM.attributes
                0x00000395       0x2d C:/ST/STM32CubeIDE_1.17.0/STM32CubeIDE/plugins/com.st.stm32cube.ide.mcu.externaltools.gnu-tools-for-stm32.12.3.rel1.win32_1.1.0.202410251130/tools/bin/../lib/gcc/arm-none-eabi/12.3.1/../../../../arm-none-eabi/lib/thumb/v7-m/nofp\libc_nano.a(libc_a-memset.o)
 .ARM.attributes
                0x000003c2       0x2d C:/ST/STM32CubeIDE_1.17.0/STM32CubeIDE/plugins/com.st.stm32cube.ide.mcu.externaltools.gnu-tools-for-stm32.12.3.rel1.win32_1.1.0.202410251130/tools/bin/../lib/gcc/arm-none-eabi/12.3.1/../../../../arm-none-eabi/lib/thumb/v7-m/nofp\libc_nano.a(libc_a-init.o)
 .ARM.attributes
                0x000003ef       0x1d C:/ST/STM32CubeIDE_1.17.0/STM32CubeIDE/plugins/com.st.stm32cube.ide.mcu.externaltools.gnu-tools-for-stm32.12.3.rel1.win32_1.1.0.202410251130/tools/bin/../lib/gcc/arm-none-eabi/12.3.1/thumb/v7-m/nofp/crtn.o
OUTPUT(Smart-Traffic-Light.elf elf32-littlearm)
LOAD linker stubs
LOAD C:/ST/STM32CubeIDE_1.17.0/STM32CubeIDE/plugins/com.st.stm32cube.ide.mcu.externaltools.gnu-tools-for-stm32.12.3.rel1.win32_1.1.0.202410251130/tools/bin/../lib/gcc/arm-none-eabi/12.3.1/../../../../arm-none-eabi/lib/thumb/v7-m/nofp\libc.a
LOAD C:/ST/STM32CubeIDE_1.17.0/STM32CubeIDE/plugins/com.st.stm32cube.ide.mcu.externaltools.gnu-tools-for-stm32.12.3.rel1.win32_1.1.0.202410251130/tools/bin/../lib/gcc/arm-none-eabi/12.3.1/../../../../arm-none-eabi/lib/thumb/v7-m/nofp\libm.a
LOAD C:/ST/STM32CubeIDE_1.17.0/STM32CubeIDE/plugins/com.st.stm32cube.ide.mcu.externaltools.gnu-tools-for-stm32.12.3.rel1.win32_1.1.0.202410251130/tools/bin/../lib/gcc/arm-none-eabi/12.3.1/thumb/v7-m/nofp\libgcc.a

.debug_info     0x00000000     0x8b65
 .debug_info    0x00000000      0x31d ./Core/Src/button.o
 .debug_info    0x0000031d      0x18c ./Core/Src/fsm_automatic.o
 .debug_info    0x000004a9      0x14f ./Core/Src/fsm_manual.o
 .debug_info    0x000005f8       0xd7 ./Core/Src/fsm_setting.o
 .debug_info    0x000006cf      0x192 ./Core/Src/global.o
 .debug_info    0x00000861      0x38a ./Core/Src/light_traffic.o
 .debug_info    0x00000beb      0xc75 ./Core/Src/main.o
 .debug_info    0x00001860      0x23f ./Core/Src/scheduler.o
 .debug_info    0x00001a9f      0x1f6 ./Core/Src/software_timer.o
 .debug_info    0x00001c95      0x91a ./Core/Src/stm32f1xx_hal_msp.o
 .debug_info    0x000025af      0x6a1 ./Core/Src/stm32f1xx_it.o
 .debug_info    0x00002c50      0x222 ./Core/Src/system_stm32f1xx.o
 .debug_info    0x00002e72       0x30 ./Core/Startup/startup_stm32f103c6ux.o
 .debug_info    0x00002ea2      0x6e6 ./Drivers/STM32F1xx_HAL_Driver/Src/stm32f1xx_hal.o
 .debug_info    0x00003588      0xa69 ./Drivers/STM32F1xx_HAL_Driver/Src/stm32f1xx_hal_cortex.o
 .debug_info    0x00003ff1      0x5ab ./Drivers/STM32F1xx_HAL_Driver/Src/stm32f1xx_hal_gpio.o
 .debug_info    0x0000459c      0x7d5 ./Drivers/STM32F1xx_HAL_Driver/Src/stm32f1xx_hal_rcc.o
 .debug_info    0x00004d71     0x2959 ./Drivers/STM32F1xx_HAL_Driver/Src/stm32f1xx_hal_tim.o
 .debug_info    0x000076ca     0x149b ./Drivers/STM32F1xx_HAL_Driver/Src/stm32f1xx_hal_tim_ex.o

.debug_abbrev   0x00000000     0x1d08
 .debug_abbrev  0x00000000      0x12b ./Core/Src/button.o
 .debug_abbrev  0x0000012b       0x96 ./Core/Src/fsm_automatic.o
 .debug_abbrev  0x000001c1       0x97 ./Core/Src/fsm_manual.o
 .debug_abbrev  0x00000258       0x57 ./Core/Src/fsm_setting.o
 .debug_abbrev  0x000002af       0x6c ./Core/Src/global.o
 .debug_abbrev  0x0000031b      0x1cc ./Core/Src/light_traffic.o
 .debug_abbrev  0x000004e7      0x2e6 ./Core/Src/main.o
 .debug_abbrev  0x000007cd      0x158 ./Core/Src/scheduler.o
 .debug_abbrev  0x00000925       0xd3 ./Core/Src/software_timer.o
 .debug_abbrev  0x000009f8      0x1ad ./Core/Src/stm32f1xx_hal_msp.o
 .debug_abbrev  0x00000ba5      0x191 ./Core/Src/stm32f1xx_it.o
 .debug_abbrev  0x00000d36      0x13f ./Core/Src/system_stm32f1xx.o
 .debug_abbrev  0x00000e75       0x24 ./Core/Startup/startup_stm32f103c6ux.o
 .debug_abbrev  0x00000e99      0x201 ./Drivers/STM32F1xx_HAL_Driver/Src/stm32f1xx_hal.o
 .debug_abbrev  0x0000109a      0x2f8 ./Drivers/STM32F1xx_HAL_Driver/Src/stm32f1xx_hal_cortex.o
 .debug_abbrev  0x00001392      0x1ca ./Drivers/STM32F1xx_HAL_Driver/Src/stm32f1xx_hal_gpio.o
 .debug_abbrev  0x0000155c      0x2b3 ./Drivers/STM32F1xx_HAL_Driver/Src/stm32f1xx_hal_rcc.o
 .debug_abbrev  0x0000180f      0x277 ./Drivers/STM32F1xx_HAL_Driver/Src/stm32f1xx_hal_tim.o
 .debug_abbrev  0x00001a86      0x282 ./Drivers/STM32F1xx_HAL_Driver/Src/stm32f1xx_hal_tim_ex.o

.debug_aranges  0x00000000      0xb50
 .debug_aranges
                0x00000000       0x60 ./Core/Src/button.o
 .debug_aranges
                0x00000060       0x20 ./Core/Src/fsm_automatic.o
 .debug_aranges
                0x00000080       0x20 ./Core/Src/fsm_manual.o
 .debug_aranges
                0x000000a0       0x20 ./Core/Src/fsm_setting.o
 .debug_aranges
                0x000000c0       0x18 ./Core/Src/global.o
 .debug_aranges
                0x000000d8       0xb0 ./Core/Src/light_traffic.o
 .debug_aranges
                0x00000188       0x58 ./Core/Src/main.o
 .debug_aranges
                0x000001e0       0x40 ./Core/Src/scheduler.o
 .debug_aranges
                0x00000220       0x48 ./Core/Src/software_timer.o
 .debug_aranges
                0x00000268       0x30 ./Core/Src/stm32f1xx_hal_msp.o
 .debug_aranges
                0x00000298       0x68 ./Core/Src/stm32f1xx_it.o
 .debug_aranges
                0x00000300       0x28 ./Core/Src/system_stm32f1xx.o
 .debug_aranges
                0x00000328       0x28 ./Core/Startup/startup_stm32f103c6ux.o
 .debug_aranges
                0x00000350       0xe0 ./Drivers/STM32F1xx_HAL_Driver/Src/stm32f1xx_hal.o
 .debug_aranges
                0x00000430      0x100 ./Drivers/STM32F1xx_HAL_Driver/Src/stm32f1xx_hal_cortex.o
 .debug_aranges
                0x00000530       0x58 ./Drivers/STM32F1xx_HAL_Driver/Src/stm32f1xx_hal_gpio.o
 .debug_aranges
                0x00000588       0x90 ./Drivers/STM32F1xx_HAL_Driver/Src/stm32f1xx_hal_rcc.o
 .debug_aranges
                0x00000618      0x3d0 ./Drivers/STM32F1xx_HAL_Driver/Src/stm32f1xx_hal_tim.o
 .debug_aranges
                0x000009e8      0x168 ./Drivers/STM32F1xx_HAL_Driver/Src/stm32f1xx_hal_tim_ex.o

.debug_rnglists
                0x00000000      0x88a
 .debug_rnglists
                0x00000000       0x46 ./Core/Src/button.o
 .debug_rnglists
                0x00000046       0x14 ./Core/Src/fsm_automatic.o
 .debug_rnglists
                0x0000005a       0x14 ./Core/Src/fsm_manual.o
 .debug_rnglists
                0x0000006e       0x14 ./Core/Src/fsm_setting.o
 .debug_rnglists
                0x00000082       0x84 ./Core/Src/light_traffic.o
 .debug_rnglists
                0x00000106       0x40 ./Core/Src/main.o
 .debug_rnglists
                0x00000146       0x2f ./Core/Src/scheduler.o
 .debug_rnglists
                0x00000175       0x32 ./Core/Src/software_timer.o
 .debug_rnglists
                0x000001a7       0x1f ./Core/Src/stm32f1xx_hal_msp.o
 .debug_rnglists
                0x000001c6       0x49 ./Core/Src/stm32f1xx_it.o
 .debug_rnglists
                0x0000020f       0x1a ./Core/Src/system_stm32f1xx.o
 .debug_rnglists
                0x00000229       0x19 ./Core/Startup/startup_stm32f103c6ux.o
 .debug_rnglists
                0x00000242       0xa3 ./Drivers/STM32F1xx_HAL_Driver/Src/stm32f1xx_hal.o
 .debug_rnglists
                0x000002e5       0xbb ./Drivers/STM32F1xx_HAL_Driver/Src/stm32f1xx_hal_cortex.o
 .debug_rnglists
                0x000003a0       0x3f ./Drivers/STM32F1xx_HAL_Driver/Src/stm32f1xx_hal_gpio.o
 .debug_rnglists
                0x000003df       0x6c ./Drivers/STM32F1xx_HAL_Driver/Src/stm32f1xx_hal_rcc.o
 .debug_rnglists
                0x0000044b      0x31a ./Drivers/STM32F1xx_HAL_Driver/Src/stm32f1xx_hal_tim.o
 .debug_rnglists
                0x00000765      0x125 ./Drivers/STM32F1xx_HAL_Driver/Src/stm32f1xx_hal_tim_ex.o

.debug_macro    0x00000000    0x17362
 .debug_macro   0x00000000      0x1af ./Core/Src/button.o
 .debug_macro   0x000001af      0xaa8 ./Core/Src/button.o
 .debug_macro   0x00000c57      0x215 ./Core/Src/button.o
 .debug_macro   0x00000e6c       0x2e ./Core/Src/button.o
 .debug_macro   0x00000e9a       0x22 ./Core/Src/button.o
 .debug_macro   0x00000ebc       0x22 ./Core/Src/button.o
 .debug_macro   0x00000ede       0x8e ./Core/Src/button.o
 .debug_macro   0x00000f6c       0x51 ./Core/Src/button.o
 .debug_macro   0x00000fbd      0x103 ./Core/Src/button.o
 .debug_macro   0x000010c0       0x6a ./Core/Src/button.o
 .debug_macro   0x0000112a      0x1df ./Core/Src/button.o
 .debug_macro   0x00001309       0x1c ./Core/Src/button.o
 .debug_macro   0x00001325       0x22 ./Core/Src/button.o
 .debug_macro   0x00001347       0xbd ./Core/Src/button.o
 .debug_macro   0x00001404      0xd23 ./Core/Src/button.o
 .debug_macro   0x00002127     0xde75 ./Core/Src/button.o
 .debug_macro   0x0000ff9c       0x6d ./Core/Src/button.o
 .debug_macro   0x00010009     0x34a2 ./Core/Src/button.o
 .debug_macro   0x000134ab      0x189 ./Core/Src/button.o
 .debug_macro   0x00013634       0x5c ./Core/Src/button.o
 .debug_macro   0x00013690      0x5bc ./Core/Src/button.o
 .debug_macro   0x00013c4c      0x1b7 ./Core/Src/button.o
 .debug_macro   0x00013e03      0x1cb ./Core/Src/button.o
 .debug_macro   0x00013fce      0x114 ./Core/Src/button.o
 .debug_macro   0x000140e2      0x1b2 ./Core/Src/button.o
 .debug_macro   0x00014294       0x27 ./Core/Src/button.o
 .debug_macro   0x000142bb      0x12f ./Core/Src/button.o
 .debug_macro   0x000143ea      0x1bc ./Core/Src/button.o
 .debug_macro   0x000145a6       0x34 ./Core/Src/button.o
 .debug_macro   0x000145da       0x3c ./Core/Src/button.o
 .debug_macro   0x00014616       0x57 ./Core/Src/button.o
 .debug_macro   0x0001466d       0x87 ./Core/Src/button.o
 .debug_macro   0x000146f4      0x183 ./Core/Src/button.o
 .debug_macro   0x00014877      0x140 ./Core/Src/button.o
 .debug_macro   0x000149b7      0x8ed ./Core/Src/button.o
 .debug_macro   0x000152a4       0x69 ./Core/Src/button.o
 .debug_macro   0x0001530d      0x184 ./Core/Src/button.o
 .debug_macro   0x00015491       0x1c ./Core/Src/button.o
 .debug_macro   0x000154ad      0x1dc ./Core/Src/fsm_automatic.o
 .debug_macro   0x00015689       0x64 ./Core/Src/fsm_automatic.o
 .debug_macro   0x000156ed      0x1df ./Core/Src/fsm_manual.o
 .debug_macro   0x000158cc       0x10 ./Core/Src/fsm_manual.o
 .debug_macro   0x000158dc      0x1e6 ./Core/Src/fsm_setting.o
 .debug_macro   0x00015ac2      0x1dc ./Core/Src/global.o
 .debug_macro   0x00015c9e      0x1dc ./Core/Src/light_traffic.o
 .debug_macro   0x00015e7a      0x21f ./Core/Src/main.o
 .debug_macro   0x00016099       0x16 ./Core/Src/main.o
 .debug_macro   0x000160af      0x1e4 ./Core/Src/scheduler.o
 .debug_macro   0x00016293      0x1b6 ./Core/Src/software_timer.o
 .debug_macro   0x00016449      0x1a6 ./Core/Src/stm32f1xx_hal_msp.o
 .debug_macro   0x000165ef      0x1b0 ./Core/Src/stm32f1xx_it.o
 .debug_macro   0x0001679f      0x197 ./Core/Src/system_stm32f1xx.o
 .debug_macro   0x00016936      0x1bb ./Drivers/STM32F1xx_HAL_Driver/Src/stm32f1xx_hal.o
 .debug_macro   0x00016af1      0x197 ./Drivers/STM32F1xx_HAL_Driver/Src/stm32f1xx_hal_cortex.o
 .debug_macro   0x00016c88      0x202 ./Drivers/STM32F1xx_HAL_Driver/Src/stm32f1xx_hal_gpio.o
 .debug_macro   0x00016e8a      0x1a9 ./Drivers/STM32F1xx_HAL_Driver/Src/stm32f1xx_hal_rcc.o
 .debug_macro   0x00017033      0x198 ./Drivers/STM32F1xx_HAL_Driver/Src/stm32f1xx_hal_tim.o
 .debug_macro   0x000171cb      0x197 ./Drivers/STM32F1xx_HAL_Driver/Src/stm32f1xx_hal_tim_ex.o

.debug_line     0x00000000     0xdbf5
 .debug_line    0x00000000      0x88e ./Core/Src/button.o
 .debug_line    0x0000088e      0x882 ./Core/Src/fsm_automatic.o
 .debug_line    0x00001110      0x873 ./Core/Src/fsm_manual.o
 .debug_line    0x00001983      0x759 ./Core/Src/fsm_setting.o
 .debug_line    0x000020dc      0x700 ./Core/Src/global.o
 .debug_line    0x000027dc      0xa56 ./Core/Src/light_traffic.o
 .debug_line    0x00003232      0x8d7 ./Core/Src/main.o
 .debug_line    0x00003b09      0x881 ./Core/Src/scheduler.o
 .debug_line    0x0000438a      0x7dc ./Core/Src/software_timer.o
 .debug_line    0x00004b66      0x721 ./Core/Src/stm32f1xx_hal_msp.o
 .debug_line    0x00005287      0x7bf ./Core/Src/stm32f1xx_it.o
 .debug_line    0x00005a46      0x763 ./Core/Src/system_stm32f1xx.o
 .debug_line    0x000061a9       0x78 ./Core/Startup/startup_stm32f103c6ux.o
 .debug_line    0x00006221      0x990 ./Drivers/STM32F1xx_HAL_Driver/Src/stm32f1xx_hal.o
 .debug_line    0x00006bb1      0xb7c ./Drivers/STM32F1xx_HAL_Driver/Src/stm32f1xx_hal_cortex.o
 .debug_line    0x0000772d      0xa14 ./Drivers/STM32F1xx_HAL_Driver/Src/stm32f1xx_hal_gpio.o
 .debug_line    0x00008141      0xd99 ./Drivers/STM32F1xx_HAL_Driver/Src/stm32f1xx_hal_rcc.o
 .debug_line    0x00008eda     0x346c ./Drivers/STM32F1xx_HAL_Driver/Src/stm32f1xx_hal_tim.o
 .debug_line    0x0000c346     0x18af ./Drivers/STM32F1xx_HAL_Driver/Src/stm32f1xx_hal_tim_ex.o

.debug_str      0x00000000    0x82a87
 .debug_str     0x00000000    0x7fb19 ./Core/Src/button.o
                              0x7fe5c (size before relaxing)
 .debug_str     0x0007fb19      0x1f8 ./Core/Src/fsm_automatic.o
                              0x7fe8d (size before relaxing)
 .debug_str     0x0007fd11       0x73 ./Core/Src/fsm_manual.o
                              0x7fe88 (size before relaxing)
 .debug_str     0x0007fd84       0x3e ./Core/Src/fsm_setting.o
                              0x7fe17 (size before relaxing)
 .debug_str     0x0007fdc2       0x2f ./Core/Src/global.o
                              0x7fe1a (size before relaxing)
 .debug_str     0x0007fdf1       0xab ./Core/Src/light_traffic.o
                              0x7ff87 (size before relaxing)
 .debug_str     0x0007fe9c      0x852 ./Core/Src/main.o
                              0x807ae (size before relaxing)
 .debug_str     0x000806ee       0x90 ./Core/Src/scheduler.o
                              0x7feb4 (size before relaxing)
 .debug_str     0x0008077e       0xda ./Core/Src/software_timer.o
                              0x7fd3f (size before relaxing)
 .debug_str     0x00080858      0x300 ./Core/Src/stm32f1xx_hal_msp.o
                              0x804a8 (size before relaxing)
 .debug_str     0x00080b58       0xec ./Core/Src/stm32f1xx_it.o
                              0x801e3 (size before relaxing)
 .debug_str     0x00080c44       0x7e ./Core/Src/system_stm32f1xx.o
                              0x7f72d (size before relaxing)
 .debug_str     0x00080cc2       0x44 ./Core/Startup/startup_stm32f103c6ux.o
                                 0x69 (size before relaxing)
 .debug_str     0x00080d06      0x38e ./Drivers/STM32F1xx_HAL_Driver/Src/stm32f1xx_hal.o
                              0x7fe26 (size before relaxing)
 .debug_str     0x00081094      0x28a ./Drivers/STM32F1xx_HAL_Driver/Src/stm32f1xx_hal_cortex.o
                              0x7fd72 (size before relaxing)
 .debug_str     0x0008131e      0x2cd ./Drivers/STM32F1xx_HAL_Driver/Src/stm32f1xx_hal_gpio.o
                              0x7fab3 (size before relaxing)
 .debug_str     0x000815eb      0x229 ./Drivers/STM32F1xx_HAL_Driver/Src/stm32f1xx_hal_rcc.o
                              0x7fb5c (size before relaxing)
 .debug_str     0x00081814      0xde0 ./Drivers/STM32F1xx_HAL_Driver/Src/stm32f1xx_hal_tim.o
                              0x80b5e (size before relaxing)
 .debug_str     0x000825f4      0x493 ./Drivers/STM32F1xx_HAL_Driver/Src/stm32f1xx_hal_tim_ex.o
                              0x8036a (size before relaxing)

.comment        0x00000000       0x43
 .comment       0x00000000       0x43 ./Core/Src/button.o
                                 0x44 (size before relaxing)
 .comment       0x00000043       0x44 ./Core/Src/fsm_automatic.o
 .comment       0x00000043       0x44 ./Core/Src/fsm_manual.o
 .comment       0x00000043       0x44 ./Core/Src/fsm_setting.o
 .comment       0x00000043       0x44 ./Core/Src/global.o
 .comment       0x00000043       0x44 ./Core/Src/light_traffic.o
 .comment       0x00000043       0x44 ./Core/Src/main.o
 .comment       0x00000043       0x44 ./Core/Src/scheduler.o
 .comment       0x00000043       0x44 ./Core/Src/software_timer.o
 .comment       0x00000043       0x44 ./Core/Src/stm32f1xx_hal_msp.o
 .comment       0x00000043       0x44 ./Core/Src/stm32f1xx_it.o
 .comment       0x00000043       0x44 ./Core/Src/system_stm32f1xx.o
 .comment       0x00000043       0x44 ./Drivers/STM32F1xx_HAL_Driver/Src/stm32f1xx_hal.o
 .comment       0x00000043       0x44 ./Drivers/STM32F1xx_HAL_Driver/Src/stm32f1xx_hal_cortex.o
 .comment       0x00000043       0x44 ./Drivers/STM32F1xx_HAL_Driver/Src/stm32f1xx_hal_gpio.o
 .comment       0x00000043       0x44 ./Drivers/STM32F1xx_HAL_Driver/Src/stm32f1xx_hal_rcc.o
 .comment       0x00000043       0x44 ./Drivers/STM32F1xx_HAL_Driver/Src/stm32f1xx_hal_tim.o
 .comment       0x00000043       0x44 ./Drivers/STM32F1xx_HAL_Driver/Src/stm32f1xx_hal_tim_ex.o

.debug_frame    0x00000000     0x2bc0
 .debug_frame   0x00000000      0x124 ./Core/Src/button.o
 .debug_frame   0x00000124       0x2c ./Core/Src/fsm_automatic.o
 .debug_frame   0x00000150       0x2c ./Core/Src/fsm_manual.o
 .debug_frame   0x0000017c       0x30 ./Core/Src/fsm_setting.o
 .debug_frame   0x000001ac      0x250 ./Core/Src/light_traffic.o
 .debug_frame   0x000003fc      0x10c ./Core/Src/main.o
 .debug_frame   0x00000508       0xd0 ./Core/Src/scheduler.o
 .debug_frame   0x000005d8       0xf8 ./Core/Src/software_timer.o
 .debug_frame   0x000006d0       0x80 ./Core/Src/stm32f1xx_hal_msp.o
 .debug_frame   0x00000750      0x120 ./Core/Src/stm32f1xx_it.o
 .debug_frame   0x00000870       0x58 ./Core/Src/system_stm32f1xx.o
 .debug_frame   0x000008c8      0x334 ./Drivers/STM32F1xx_HAL_Driver/Src/stm32f1xx_hal.o
 .debug_frame   0x00000bfc      0x428 ./Drivers/STM32F1xx_HAL_Driver/Src/stm32f1xx_hal_cortex.o
 .debug_frame   0x00001024      0x14c ./Drivers/STM32F1xx_HAL_Driver/Src/stm32f1xx_hal_gpio.o
 .debug_frame   0x00001170      0x218 ./Drivers/STM32F1xx_HAL_Driver/Src/stm32f1xx_hal_rcc.o
 .debug_frame   0x00001388     0x11b4 ./Drivers/STM32F1xx_HAL_Driver/Src/stm32f1xx_hal_tim.o
 .debug_frame   0x0000253c      0x638 ./Drivers/STM32F1xx_HAL_Driver/Src/stm32f1xx_hal_tim_ex.o
 .debug_frame   0x00002b74       0x20 C:/ST/STM32CubeIDE_1.17.0/STM32CubeIDE/plugins/com.st.stm32cube.ide.mcu.externaltools.gnu-tools-for-stm32.12.3.rel1.win32_1.1.0.202410251130/tools/bin/../lib/gcc/arm-none-eabi/12.3.1/../../../../arm-none-eabi/lib/thumb/v7-m/nofp\libc_nano.a(libc_a-memset.o)
 .debug_frame   0x00002b94       0x2c C:/ST/STM32CubeIDE_1.17.0/STM32CubeIDE/plugins/com.st.stm32cube.ide.mcu.externaltools.gnu-tools-for-stm32.12.3.rel1.win32_1.1.0.202410251130/tools/bin/../lib/gcc/arm-none-eabi/12.3.1/../../../../arm-none-eabi/lib/thumb/v7-m/nofp\libc_nano.a(libc_a-init.o)

.debug_line_str
                0x00000000       0x4d
 .debug_line_str
                0x00000000       0x4d ./Core/Startup/startup_stm32f103c6ux.o
