light_traffic.c:10:6:setLightInit	8	static
light_traffic.c:20:6:setTimeInit	4	static
light_traffic.c:26:6:setRed	8	static
light_traffic.c:44:6:setRed_1	8	static
light_traffic.c:50:6:setGreen_1	8	static
light_traffic.c:56:6:setYellow_1	8	static
light_traffic.c:63:6:setRed_2	8	static
light_traffic.c:69:6:setGreen_2	8	static
light_traffic.c:75:6:setYellow_2	8	static
light_traffic.c:81:6:setToggleRed	8	static
light_traffic.c:93:6:setToggleGreen	8	static
light_traffic.c:103:6:setToggleYellow	8	static
light_traffic.c:113:12:get7SEG1Value	4	static
light_traffic.c:134:12:get7SEG2Value	4	static
light_traffic.c:156:6:display7SEG	16	static
light_traffic.c:254:5:currentMode	4	static
light_traffic.c:268:6:dispMode	16	static
light_traffic.c:312:6:update7SEG	16	static
light_traffic.c:347:6:updateClock	8	static
