light_traffic.c:13:6:setLightInit	8	static
light_traffic.c:23:6:setTimeInit	4	static
light_traffic.c:34:6:setRed	8	static
light_traffic.c:52:6:setRed_1	8	static
light_traffic.c:58:6:setGreen_1	8	static
light_traffic.c:64:6:setYellow_1	8	static
light_traffic.c:71:6:setRed_2	8	static
light_traffic.c:77:6:setGreen_2	8	static
light_traffic.c:83:6:setYellow_2	8	static
light_traffic.c:89:6:setToggleRed	8	static
light_traffic.c:101:6:setToggleGreen	8	static
light_traffic.c:111:6:setToggleYellow	8	static
light_traffic.c:121:12:get7SEG1Value	4	static
light_traffic.c:142:12:get7SEG2Value	4	static
light_traffic.c:164:6:display7SEG	16	static
light_traffic.c:262:5:currentMode	4	static
light_traffic.c:276:6:dispMode	16	static
light_traffic.c:320:6:update7SEG	16	static
light_traffic.c:362:6:updateClock	8	static
